0	**OBJ**=3.05441;RewriteXY=-0.123601;SomeFeat=0.431589;F1=0.139951;F2=0.05909;F3=-0.116843;F4=0.106688;F5=0.0811144;F6=-0.257667;F7=-0.0224891;F8=0.118842;F9=-0.545223;F10=0.473137;F11=0.0176334;F12=-0.210479;F13=0.0162935
